Godot Engine v4.6.stable.official.89cea1439 - https://godotengine.org
Vulkan 1.4.312 - Forward+ - Using Device #0: NVIDIA - NVIDIA GeForce RTX 3080

WARNING: No small icon found, reusing 256x256 @32768 icon!
   at: set_native_icon (platform/windows/display_server_windows.cpp:3994)
Steam初期化失敗: { "status": 1, "verbal": "ConnectToGlobalUser failed." }
Embedded window can't be resized.
Embedded window can't be moved.
ERROR: Condition "!is_inside_tree()" is true. Returning: Rect2()
   at: get_viewport_rect (scene/main/canvas_item.cpp:1127)
   GDScript backtrace (most recent call first):
       [0] _clamp_player_to_viewport (res://scripts/input_handler.gd:3327)
       [1] process_mouse_lerp (res://scripts/input_handler.gd:1076)
       [2] _process (res://scripts/game.gd:4487)
ERROR: Condition "!is_inside_tree()" is true. Returning: Rect2()
   at: get_viewport_rect (scene/main/canvas_item.cpp:1127)
   GDScript backtrace (most recent call first):
       [0] _update_player_hover (res://scripts/game.gd:748)
       [1] _process (res://scripts/game.gd:4488)
Embedded window can't be resized.
Embedded window can't be moved.
[ISECT] 交差: 辺(3→4) × 辺(6→7)  pos: (1059.000000, 663.000000)→(948.000000, 567.000000) × (969.000000, 564.000000)→(863.000000, 660.000000)
[ISECT] 交差: 辺(3→4) × 辺(16→17)  pos: (1034.000000, 644.000000)→(977.000000, 552.000000) × (954.000000, 591.000000)→(1101.000000, 440.000000)
[ISECT] 交差: 辺(3→4) × 辺(6→7)  pos: (1009.000000, 624.000000)→(944.000000, 610.000000) × (958.000000, 608.000000)→(913.000000, 620.000000)
[ISECT] 交差: 辺(3→4) × 辺(5→6)  pos: (983.000000, 603.000000)→(958.000000, 621.000000) × (977.000000, 621.000000)→(941.000000, 617.000000)
[ISECT] 交差: 辺(2→3) × 辺(6→7)  pos: (1150.000000, 693.000000)→(954.000000, 581.000000) × (941.000000, 615.000000)→(967.000000, 577.000000)
[ISECT] 交差: 辺(6→7) × 辺(13→14)  pos: (984.000000, 563.000000)→(934.000000, 565.000000) × (908.000000, 533.000000)→(952.000000, 575.000000)
[ISECT] 交差: 辺(3→4) × 辺(6→7)  pos: (958.000000, 607.000000)→(953.000000, 594.000000) × (992.000000, 557.000000)→(952.000000, 595.000000)
[ISECT] 交差: 辺(2→3) × 辺(5→6)  pos: (1066.000000, 646.000000)→(958.000000, 587.000000) × (992.000000, 557.000000)→(968.000000, 599.000000)
[ISECT] 交差: 辺(2→3) × 辺(9→10)  pos: (1037.000000, 629.000000)→(941.000000, 601.000000) × (976.000000, 603.000000)→(885.000000, 626.000000)
[ISECT] 交差: 辺(3→4) × 辺(5→6)  pos: (986.000000, 613.000000)→(958.000000, 579.000000) × (960.000000, 579.000000)→(957.000000, 580.000000)
[ISECT] 交差: 辺(1→2) × 辺(3→4)  pos: (1248.000000, 623.000000)→(976.000000, 595.000000) × (988.000000, 615.000000)→(965.000000, 573.000000)
[ISECT] 交差: 辺(2→3) × 辺(7→8)  pos: (985.000000, 611.000000)→(945.000000, 576.000000) × (962.000000, 592.000000)→(970.000000, 594.000000)
[ISECT] 交差: 辺(8→9) × 辺(12→13)  pos: (942.000000, 596.000000)→(990.000000, 566.000000) × (960.000000, 589.000000)→(927.000000, 566.000000)
[ISECT] 交差: 辺(1→2) × 辺(3→4)  pos: (1149.000000, 609.000000)→(964.000000, 590.000000) × (968.000000, 590.000000)→(948.000000, 594.000000)
[ISECT] 交差: 辺(1→2) × 辺(4→5)  pos: (1114.000000, 605.000000)→(956.000000, 580.000000) × (964.000000, 579.000000)→(955.000000, 584.000000)
[ISECT] 交差: 辺(1→2) × 辺(17→18)  pos: (1079.000000, 600.000000)→(972.000000, 572.000000) × (958.000000, 577.000000)→(986.000000, 569.000000)
[ISECT] 交差: 辺(2→3) × 辺(15→16)  pos: (995.000000, 609.000000)→(962.000000, 583.000000) × (959.000000, 586.000000)→(963.000000, 582.000000)
[ISECT] 交差: 辺(2→3) × 辺(5→6)  pos: (990.000000, 605.000000)→(956.000000, 593.000000) × (959.000000, 593.000000)→(922.000000, 609.000000)
[ISECT] 交差: 辺(0→1) × 辺(10→11)  pos: (960.000000, 584.000000)→(972.000000, 586.000000) × (951.000000, 585.000000)→(963.000000, 584.000000)
[ISECT] 交差: 辺(0→1) × 辺(16→17)  pos: (930.000000, 583.000000)→(956.000000, 581.000000) × (963.000000, 588.000000)→(938.000000, 581.000000)
[ISECT] 交差: 辺(1→2) × 辺(15→16)  pos: (920.000000, 577.000000)→(954.000000, 580.000000) × (956.000000, 584.000000)→(946.000000, 578.000000)
[ISECT] 交差: 辺(2→3) × 辺(17→18)  pos: (941.000000, 576.000000)→(954.000000, 583.000000) × (950.000000, 583.000000)→(966.000000, 582.000000)
[ISECT] 交差: 辺(9→10) × 辺(11→12)  pos: (959.000000, 587.000000)→(969.000000, 581.000000) × (959.000000, 586.000000)→(963.000000, 585.000000)
[ISECT] 交差: 辺(1→2) × 辺(3→4)  pos: (925.000000, 576.000000)→(961.000000, 584.000000) × (960.000000, 583.000000)→(951.000000, 583.000000)
[ISECT] 交差: 辺(5→6) × 辺(12→13)  pos: (960.000000, 582.000000)→(961.000000, 583.000000) × (953.000000, 584.000000)→(981.000000, 578.000000)
[ISECT] 交差: 辺(0→1) × 辺(8→9)  pos: (963.000000, 585.000000)→(963.000000, 583.000000) × (957.000000, 584.000000)→(966.000000, 583.000000)
[ISECT] 交差: 辺(0→1) × 辺(7→8)  pos: (979.000000, 587.000000)→(939.000000, 587.000000) × (957.000000, 587.000000)→(953.000000, 588.000000)
[ISECT] 交差: 辺(0→1) × 辺(2→3)  pos: (991.000000, 590.000000)→(949.000000, 591.000000) × (957.000000, 592.000000)→(962.000000, 580.000000)
[ISECT] 交差: 辺(4→5) × 辺(11→12)  pos: (971.000000, 576.000000)→(941.000000, 575.000000) × (953.000000, 568.000000)→(963.000000, 576.000000)
[ISECT] 交差: 辺(12→13) × 辺(14→15)  pos: (951.000000, 563.000000)→(968.000000, 552.000000) × (947.000000, 545.000000)→(1034.000000, 574.000000)
[FOLD]  折返=交差と両立不可、現状維持: k=0 dot=-1.000
[ISECT] 交差: 辺(0→1) × 辺(18→19)  pos: (1035.000000, 613.000000)→(951.000000, 630.000000) × (988.000000, 602.000000)→(984.000000, 623.000000)
[ISECT] 交差: 辺(5→6) × 辺(13→14)  pos: (978.000000, 521.000000)→(934.000000, 518.000000) × (907.000000, 565.000000)→(967.000000, 520.000000)
[ISECT] 交差: 辺(11→12) × 辺(13→14)  pos: (862.000000, 614.000000)→(910.000000, 603.000000) × (908.000000, 612.000000)→(901.000000, 564.000000)
[ISECT] 交差: 辺(11→12) × 辺(16→17)  pos: (861.000000, 614.000000)→(899.000000, 619.000000) × (959.000000, 643.000000)→(894.000000, 617.000000)
[ISECT] 交差: 辺(4→5) × 辺(15→16)  pos: (1070.000000, 568.000000)→(984.000000, 499.000000) × (889.000000, 562.000000)→(1036.000000, 540.000000)
[ISECT] 交差: 辺(1→2) × 辺(19→0)  pos: (1020.000000, 641.000000)→(1049.000000, 599.000000) × (996.000000, 655.000000)→(1049.000000, 620.000000)
[ISECT] 交差: 辺(6→7) × 辺(8→9)  pos: (884.000000, 612.000000)→(879.000000, 636.000000) × (884.000000, 621.000000)→(859.000000, 615.000000)
[FOLD]  折返=交差と両立不可、現状維持: k=5 dot=-0.876
[ISECT] 交差: 辺(4→5) × 辺(11→12)  pos: (929.000000, 694.000000)→(846.000000, 546.000000) × (839.000000, 566.000000)→(869.000000, 485.000000)
[FOLD]  折返=交差と両立不可、現状維持: k=5 dot=-0.795
[ISECT] 交差: 辺(5→6) × 辺(7→8)  pos: (803.000000, 644.000000)→(811.000000, 663.000000) × (820.000000, 680.000000)→(794.000000, 627.000000)
[ISECT] 交差: 辺(5→6) × 辺(7→8)  pos: (798.000000, 646.000000)→(816.000000, 683.000000) × (807.000000, 665.000000)→(789.000000, 628.000000)
[FOLD]  折返=交差と両立不可、現状維持: k=10 dot=-0.883
[ISECT] 交差: 辺(8→9) × 辺(10→11)  pos: (817.000000, 569.000000)→(683.000000, 472.000000) × (669.000000, 487.000000)→(689.000000, 469.000000)
[FOLD]  折返=交差と両立不可、現状維持: k=2 dot=-0.704
[FOLD]  折返=交差と両立不可、現状維持: k=2 dot=-0.953
[FOLD]  折返=交差と両立不可、現状維持: k=2 dot=-0.986
[FOLD]  折返=交差と両立不可、現状維持: k=2 dot=-0.994
[FOLD]  折返=交差と両立不可、現状維持: k=2 dot=-0.980
[FOLD]  折返=交差と両立不可、現状維持: k=2 dot=-0.747
[FOLD]  折返=交差と両立不可、現状維持: k=2 dot=-0.706
[FOLD]  折返=交差と両立不可、現状維持: k=2 dot=-0.928
[ISECT] 交差: 辺(6→7) × 辺(8→9)  pos: (817.000000, 819.000000)→(835.000000, 500.000000) × (838.000000, 502.000000)→(821.000000, 492.000000)
[FOLD]  折返=交差と両立不可、現状維持: k=2 dot=-0.964
[ISECT] 交差: 辺(2→3) × 辺(4→5)  pos: (1087.000000, 893.000000)→(838.000000, 892.000000) × (841.000000, 909.000000)→(831.000000, 839.000000)
[FOLD]  折返=交差と両立不可、現状維持: k=2 dot=-0.941
[FOLD]  折返=交差と両立不可、現状維持: k=2 dot=-0.923
[ISECT] 交差: 辺(2→3) × 辺(4→5)  pos: (1082.000000, 892.000000)→(833.000000, 712.000000) × (838.000000, 892.000000)→(833.000000, 673.000000)
[FOLD]  折返=交差と両立不可、現状維持: k=18 dot=-0.767
[FOLD]  折返=交差と両立不可、現状維持: k=6 dot=-0.768
SCRIPT ERROR: Invalid access of index '20' on a base object of type: 'Array[Vector2]'.
   at: InputHandler._step_drag_physics (res://scripts/input_handler.gd:1524)
   GDScript backtrace (most recent call first):
       [0] _step_drag_physics (res://scripts/input_handler.gd:1524)
       [1] update_drag_physics (res://scripts/input_handler.gd:1401)
       [2] _process (res://scripts/game.gd:4493)
